2016-06-30 08:17:15,235 : INFO : Enviando Datos
